[2026-07-15T02:55:17.177+0000] {manager.py:483} INFO - Processing files using up to 2 processes at a time 
[2026-07-15T02:55:17.178+0000] {manager.py:484} INFO - Process each file at most once every 30 seconds
[2026-07-15T02:55:17.179+0000] {manager.py:485} INFO - Checking for new files in /opt/airflow/dags every 300 seconds
[2026-07-15T02:55:17.180+0000] {manager.py:821} INFO - Searching for files in /opt/airflow/dags
[2026-07-15T02:55:17.184+0000] {manager.py:824} INFO - There are 0 files in /opt/airflow/dags
[2026-07-15T03:00:17.968+0000] {manager.py:821} INFO - Searching for files in /opt/airflow/dags
[2026-07-15T03:00:17.970+0000] {manager.py:824} INFO - There are 0 files in /opt/airflow/dags
[2026-07-15T03:05:18.793+0000] {manager.py:821} INFO - Searching for files in /opt/airflow/dags
[2026-07-15T03:05:18.796+0000] {manager.py:824} INFO - There are 0 files in /opt/airflow/dags
[2026-07-15T03:10:19.682+0000] {manager.py:821} INFO - Searching for files in /opt/airflow/dags
[2026-07-15T03:10:19.695+0000] {manager.py:824} INFO - There are 0 files in /opt/airflow/dags
[2026-07-15T03:15:20.580+0000] {manager.py:821} INFO - Searching for files in /opt/airflow/dags
[2026-07-15T03:15:20.581+0000] {manager.py:824} INFO - There are 0 files in /opt/airflow/dags
[2026-07-15T03:20:21.554+0000] {manager.py:821} INFO - Searching for files in /opt/airflow/dags
[2026-07-15T03:20:21.555+0000] {manager.py:824} INFO - There are 0 files in /opt/airflow/dags
[2026-07-15T03:40:12.078+0000] {manager.py:483} INFO - Processing files using up to 2 processes at a time 
[2026-07-15T03:40:12.079+0000] {manager.py:484} INFO - Process each file at most once every 30 seconds
[2026-07-15T03:40:12.081+0000] {manager.py:485} INFO - Checking for new files in /opt/airflow/dags every 300 seconds
[2026-07-15T03:40:12.082+0000] {manager.py:821} INFO - Searching for files in /opt/airflow/dags
[2026-07-15T03:40:12.086+0000] {manager.py:824} INFO - There are 0 files in /opt/airflow/dags
[2026-07-15T03:43:22.071+0000] {manager.py:465} INFO - Exiting gracefully upon receiving signal 15
[2026-07-15T03:44:34.472+0000] {manager.py:483} INFO - Processing files using up to 2 processes at a time 
[2026-07-15T03:44:34.474+0000] {manager.py:484} INFO - Process each file at most once every 30 seconds
[2026-07-15T03:44:34.474+0000] {manager.py:485} INFO - Checking for new files in /opt/airflow/dags every 300 seconds
[2026-07-15T03:44:34.475+0000] {manager.py:821} INFO - Searching for files in /opt/airflow/dags
[2026-07-15T03:44:34.479+0000] {manager.py:824} INFO - There are 0 files in /opt/airflow/dags
[2026-07-15T03:49:34.641+0000] {manager.py:821} INFO - Searching for files in /opt/airflow/dags
[2026-07-15T03:49:34.644+0000] {manager.py:824} INFO - There are 0 files in /opt/airflow/dags
[2026-07-15T11:40:31.082+0000] {manager.py:483} INFO - Processing files using up to 2 processes at a time 
[2026-07-15T11:40:31.084+0000] {manager.py:484} INFO - Process each file at most once every 30 seconds
[2026-07-15T11:40:31.085+0000] {manager.py:485} INFO - Checking for new files in /opt/airflow/dags every 300 seconds
[2026-07-15T11:40:31.086+0000] {manager.py:821} INFO - Searching for files in /opt/airflow/dags
[2026-07-15T11:40:31.090+0000] {manager.py:824} INFO - There are 0 files in /opt/airflow/dags
[2026-07-15T11:45:32.048+0000] {manager.py:821} INFO - Searching for files in /opt/airflow/dags
[2026-07-15T11:45:32.051+0000] {manager.py:824} INFO - There are 0 files in /opt/airflow/dags
[2026-07-15T11:50:32.802+0000] {manager.py:821} INFO - Searching for files in /opt/airflow/dags
[2026-07-15T11:50:32.818+0000] {manager.py:824} INFO - There are 0 files in /opt/airflow/dags
[2026-07-15T11:55:33.306+0000] {manager.py:821} INFO - Searching for files in /opt/airflow/dags
[2026-07-15T11:55:33.315+0000] {manager.py:824} INFO - There are 0 files in /opt/airflow/dags
[2026-07-15T12:00:33.460+0000] {manager.py:821} INFO - Searching for files in /opt/airflow/dags
[2026-07-15T12:00:33.508+0000] {manager.py:824} INFO - There are 0 files in /opt/airflow/dags
[2026-07-15T12:05:33.782+0000] {manager.py:821} INFO - Searching for files in /opt/airflow/dags
[2026-07-15T12:05:33.788+0000] {manager.py:824} INFO - There are 0 files in /opt/airflow/dags
[2026-07-15T12:08:10.299+0000] {manager.py:465} INFO - Exiting gracefully upon receiving signal 15
[2026-07-15T12:22:21.862+0000] {manager.py:483} INFO - Processing files using up to 2 processes at a time 
[2026-07-15T12:22:21.864+0000] {manager.py:484} INFO - Process each file at most once every 30 seconds
[2026-07-15T12:22:21.866+0000] {manager.py:485} INFO - Checking for new files in /opt/airflow/dags every 300 seconds
[2026-07-15T12:22:21.867+0000] {manager.py:821} INFO - Searching for files in /opt/airflow/dags
[2026-07-15T12:22:21.872+0000] {manager.py:824} INFO - There are 0 files in /opt/airflow/dags
[2026-07-15T12:24:08.857+0000] {manager.py:465} INFO - Exiting gracefully upon receiving signal 15
[2026-07-15T12:25:10.703+0000] {manager.py:483} INFO - Processing files using up to 2 processes at a time 
[2026-07-15T12:25:10.705+0000] {manager.py:484} INFO - Process each file at most once every 30 seconds
[2026-07-15T12:25:10.705+0000] {manager.py:485} INFO - Checking for new files in /opt/airflow/dags every 300 seconds
[2026-07-15T12:25:10.706+0000] {manager.py:821} INFO - Searching for files in /opt/airflow/dags
[2026-07-15T12:25:10.711+0000] {manager.py:824} INFO - There are 0 files in /opt/airflow/dags
[2026-07-15T12:25:16.282+0000] {manager.py:465} INFO - Exiting gracefully upon receiving signal 15
[2026-07-15T12:26:13.766+0000] {manager.py:483} INFO - Processing files using up to 2 processes at a time 
[2026-07-15T12:26:13.769+0000] {manager.py:484} INFO - Process each file at most once every 30 seconds
[2026-07-15T12:26:13.772+0000] {manager.py:485} INFO - Checking for new files in /opt/airflow/dags every 300 seconds
[2026-07-15T12:26:13.773+0000] {manager.py:821} INFO - Searching for files in /opt/airflow/dags
[2026-07-15T12:26:13.777+0000] {manager.py:824} INFO - There are 0 files in /opt/airflow/dags
[2026-07-15T12:28:04.964+0000] {manager.py:465} INFO - Exiting gracefully upon receiving signal 15
[2026-07-15T12:29:16.335+0000] {manager.py:483} INFO - Processing files using up to 2 processes at a time 
[2026-07-15T12:29:16.337+0000] {manager.py:484} INFO - Process each file at most once every 30 seconds
[2026-07-15T12:29:16.338+0000] {manager.py:485} INFO - Checking for new files in /opt/airflow/dags every 300 seconds
[2026-07-15T12:29:16.339+0000] {manager.py:821} INFO - Searching for files in /opt/airflow/dags
[2026-07-15T12:29:16.343+0000] {manager.py:824} INFO - There are 0 files in /opt/airflow/dags
[2026-07-15T12:33:18.531+0000] {manager.py:465} INFO - Exiting gracefully upon receiving signal 15
[2026-07-15T12:33:59.407+0000] {manager.py:483} INFO - Processing files using up to 2 processes at a time 
[2026-07-15T12:33:59.408+0000] {manager.py:484} INFO - Process each file at most once every 30 seconds
[2026-07-15T12:33:59.409+0000] {manager.py:485} INFO - Checking for new files in /opt/airflow/dags every 300 seconds
[2026-07-15T12:33:59.410+0000] {manager.py:821} INFO - Searching for files in /opt/airflow/dags
[2026-07-15T12:33:59.413+0000] {manager.py:824} INFO - There are 0 files in /opt/airflow/dags
[2026-07-15T20:19:55.556+0000] {manager.py:483} INFO - Processing files using up to 2 processes at a time 
[2026-07-15T20:19:55.557+0000] {manager.py:484} INFO - Process each file at most once every 30 seconds
[2026-07-15T20:19:55.558+0000] {manager.py:485} INFO - Checking for new files in /opt/airflow/dags every 300 seconds
[2026-07-15T20:19:55.559+0000] {manager.py:821} INFO - Searching for files in /opt/airflow/dags
[2026-07-15T20:19:55.562+0000] {manager.py:824} INFO - There are 0 files in /opt/airflow/dags
[2026-07-15T20:24:56.149+0000] {manager.py:821} INFO - Searching for files in /opt/airflow/dags
[2026-07-15T20:24:56.152+0000] {manager.py:824} INFO - There are 0 files in /opt/airflow/dags
[2026-07-15T20:29:56.153+0000] {manager.py:821} INFO - Searching for files in /opt/airflow/dags
[2026-07-15T20:29:56.156+0000] {manager.py:824} INFO - There are 0 files in /opt/airflow/dags
[2026-07-15T20:34:56.327+0000] {manager.py:821} INFO - Searching for files in /opt/airflow/dags
[2026-07-15T20:34:56.330+0000] {manager.py:824} INFO - There are 0 files in /opt/airflow/dags
[2026-07-15T20:39:56.491+0000] {manager.py:821} INFO - Searching for files in /opt/airflow/dags
[2026-07-15T20:39:56.495+0000] {manager.py:824} INFO - There are 0 files in /opt/airflow/dags
[2026-07-15T20:44:57.272+0000] {manager.py:821} INFO - Searching for files in /opt/airflow/dags
[2026-07-15T20:44:57.275+0000] {manager.py:824} INFO - There are 0 files in /opt/airflow/dags
[2026-07-15T20:49:57.703+0000] {manager.py:821} INFO - Searching for files in /opt/airflow/dags
[2026-07-15T20:49:57.707+0000] {manager.py:824} INFO - There are 0 files in /opt/airflow/dags
[2026-07-15T20:54:58.454+0000] {manager.py:821} INFO - Searching for files in /opt/airflow/dags
[2026-07-15T20:54:58.456+0000] {manager.py:824} INFO - There are 0 files in /opt/airflow/dags
[2026-07-15T20:59:58.506+0000] {manager.py:821} INFO - Searching for files in /opt/airflow/dags
[2026-07-15T20:59:58.511+0000] {manager.py:824} INFO - There are 0 files in /opt/airflow/dags
[2026-07-15T21:04:59.450+0000] {manager.py:821} INFO - Searching for files in /opt/airflow/dags
[2026-07-15T21:04:59.453+0000] {manager.py:824} INFO - There are 0 files in /opt/airflow/dags
[2026-07-15T21:09:59.483+0000] {manager.py:821} INFO - Searching for files in /opt/airflow/dags
[2026-07-15T21:09:59.486+0000] {manager.py:824} INFO - There are 0 files in /opt/airflow/dags
[2026-07-16T00:05:49.176+0000] {manager.py:483} INFO - Processing files using up to 2 processes at a time 
[2026-07-16T00:05:49.177+0000] {manager.py:484} INFO - Process each file at most once every 30 seconds
[2026-07-16T00:05:49.178+0000] {manager.py:485} INFO - Checking for new files in /opt/airflow/dags every 300 seconds
[2026-07-16T00:05:49.179+0000] {manager.py:821} INFO - Searching for files in /opt/airflow/dags
[2026-07-16T00:05:49.183+0000] {manager.py:824} INFO - There are 0 files in /opt/airflow/dags
[2026-07-16T00:09:55.071+0000] {manager.py:465} INFO - Exiting gracefully upon receiving signal 15
[2026-07-16T00:11:11.088+0000] {manager.py:483} INFO - Processing files using up to 2 processes at a time 
[2026-07-16T00:11:11.089+0000] {manager.py:484} INFO - Process each file at most once every 30 seconds
[2026-07-16T00:11:11.090+0000] {manager.py:485} INFO - Checking for new files in /opt/airflow/dags every 300 seconds
[2026-07-16T00:11:11.091+0000] {manager.py:821} INFO - Searching for files in /opt/airflow/dags
[2026-07-16T00:11:11.096+0000] {manager.py:824} INFO - There are 0 files in /opt/airflow/dags
[2026-07-16T00:16:11.188+0000] {manager.py:821} INFO - Searching for files in /opt/airflow/dags
[2026-07-16T00:16:11.193+0000] {manager.py:824} INFO - There are 0 files in /opt/airflow/dags
[2026-07-16T00:21:12.928+0000] {manager.py:821} INFO - Searching for files in /opt/airflow/dags
[2026-07-16T00:21:12.932+0000] {manager.py:824} INFO - There are 0 files in /opt/airflow/dags
[2026-07-16T00:26:13.108+0000] {manager.py:821} INFO - Searching for files in /opt/airflow/dags
[2026-07-16T00:26:13.112+0000] {manager.py:824} INFO - There are 0 files in /opt/airflow/dags
[2026-07-16T00:31:13.255+0000] {manager.py:821} INFO - Searching for files in /opt/airflow/dags
[2026-07-16T00:31:13.259+0000] {manager.py:824} INFO - There are 0 files in /opt/airflow/dags
[2026-07-16T00:34:10.958+0000] {manager.py:465} INFO - Exiting gracefully upon receiving signal 15
[2026-07-16T00:35:28.042+0000] {manager.py:483} INFO - Processing files using up to 2 processes at a time 
[2026-07-16T00:35:28.043+0000] {manager.py:484} INFO - Process each file at most once every 30 seconds
[2026-07-16T00:35:28.044+0000] {manager.py:485} INFO - Checking for new files in /opt/airflow/dags every 300 seconds
[2026-07-16T00:35:28.045+0000] {manager.py:821} INFO - Searching for files in /opt/airflow/dags
[2026-07-16T00:35:28.050+0000] {manager.py:824} INFO - There are 0 files in /opt/airflow/dags
[2026-07-16T00:40:28.914+0000] {manager.py:821} INFO - Searching for files in /opt/airflow/dags
[2026-07-16T00:40:28.917+0000] {manager.py:824} INFO - There are 0 files in /opt/airflow/dags
[2026-07-16T00:45:29.451+0000] {manager.py:821} INFO - Searching for files in /opt/airflow/dags
[2026-07-16T00:45:29.456+0000] {manager.py:824} INFO - There are 0 files in /opt/airflow/dags
[2026-07-16T00:48:28.174+0000] {manager.py:465} INFO - Exiting gracefully upon receiving signal 15
[2026-07-16T06:12:55.006+0000] {manager.py:483} INFO - Processing files using up to 2 processes at a time 
[2026-07-16T06:12:55.007+0000] {manager.py:484} INFO - Process each file at most once every 30 seconds
[2026-07-16T06:12:55.008+0000] {manager.py:485} INFO - Checking for new files in /opt/airflow/dags every 300 seconds
[2026-07-16T06:12:55.009+0000] {manager.py:821} INFO - Searching for files in /opt/airflow/dags
[2026-07-16T06:12:55.012+0000] {manager.py:824} INFO - There are 0 files in /opt/airflow/dags
[2026-07-16T06:17:55.387+0000] {manager.py:821} INFO - Searching for files in /opt/airflow/dags
[2026-07-16T06:17:55.391+0000] {manager.py:824} INFO - There are 0 files in /opt/airflow/dags
[2026-07-16T06:22:55.764+0000] {manager.py:821} INFO - Searching for files in /opt/airflow/dags
[2026-07-16T06:22:55.767+0000] {manager.py:824} INFO - There are 0 files in /opt/airflow/dags
[2026-07-16T06:32:27.663+0000] {manager.py:483} INFO - Processing files using up to 2 processes at a time 
[2026-07-16T06:32:27.664+0000] {manager.py:484} INFO - Process each file at most once every 30 seconds
[2026-07-16T06:32:27.665+0000] {manager.py:485} INFO - Checking for new files in /opt/airflow/dags every 300 seconds
[2026-07-16T06:32:27.666+0000] {manager.py:821} INFO - Searching for files in /opt/airflow/dags
[2026-07-16T06:32:27.670+0000] {manager.py:824} INFO - There are 0 files in /opt/airflow/dags
[2026-07-16T06:32:51.255+0000] {manager.py:465} INFO - Exiting gracefully upon receiving signal 15
[2026-07-16T06:36:34.422+0000] {manager.py:483} INFO - Processing files using up to 2 processes at a time 
[2026-07-16T06:36:34.424+0000] {manager.py:484} INFO - Process each file at most once every 30 seconds
[2026-07-16T06:36:34.425+0000] {manager.py:485} INFO - Checking for new files in /opt/airflow/dags every 300 seconds
[2026-07-16T06:36:34.425+0000] {manager.py:821} INFO - Searching for files in /opt/airflow/dags
[2026-07-16T06:36:34.429+0000] {manager.py:824} INFO - There are 0 files in /opt/airflow/dags
[2026-07-16T06:41:34.812+0000] {manager.py:821} INFO - Searching for files in /opt/airflow/dags
[2026-07-16T06:41:34.815+0000] {manager.py:824} INFO - There are 0 files in /opt/airflow/dags
[2026-07-16T06:46:35.146+0000] {manager.py:821} INFO - Searching for files in /opt/airflow/dags
[2026-07-16T06:46:35.149+0000] {manager.py:824} INFO - There are 0 files in /opt/airflow/dags
[2026-07-16T06:51:35.479+0000] {manager.py:821} INFO - Searching for files in /opt/airflow/dags
[2026-07-16T06:51:35.486+0000] {manager.py:824} INFO - There are 0 files in /opt/airflow/dags
[2026-07-16T06:56:35.840+0000] {manager.py:821} INFO - Searching for files in /opt/airflow/dags
[2026-07-16T06:56:35.846+0000] {manager.py:824} INFO - There are 0 files in /opt/airflow/dags
[2026-07-16T07:01:36.218+0000] {manager.py:821} INFO - Searching for files in /opt/airflow/dags
[2026-07-16T07:01:36.222+0000] {manager.py:824} INFO - There are 0 files in /opt/airflow/dags
[2026-07-16T07:06:36.587+0000] {manager.py:821} INFO - Searching for files in /opt/airflow/dags
[2026-07-16T07:06:36.591+0000] {manager.py:824} INFO - There are 0 files in /opt/airflow/dags
[2026-07-16T07:11:36.977+0000] {manager.py:821} INFO - Searching for files in /opt/airflow/dags
[2026-07-16T07:11:36.983+0000] {manager.py:824} INFO - There are 0 files in /opt/airflow/dags
[2026-07-16T07:16:37.350+0000] {manager.py:821} INFO - Searching for files in /opt/airflow/dags
[2026-07-16T07:16:37.353+0000] {manager.py:824} INFO - There are 0 files in /opt/airflow/dags
[2026-07-16T07:21:37.734+0000] {manager.py:821} INFO - Searching for files in /opt/airflow/dags
[2026-07-16T07:21:37.736+0000] {manager.py:824} INFO - There are 0 files in /opt/airflow/dags
[2026-07-16T07:26:38.114+0000] {manager.py:821} INFO - Searching for files in /opt/airflow/dags
[2026-07-16T07:26:38.119+0000] {manager.py:824} INFO - There are 0 files in /opt/airflow/dags
[2026-07-16T07:31:38.500+0000] {manager.py:821} INFO - Searching for files in /opt/airflow/dags
[2026-07-16T07:31:38.503+0000] {manager.py:824} INFO - There are 0 files in /opt/airflow/dags
[2026-07-16T07:32:43.749+0000] {manager.py:465} INFO - Exiting gracefully upon receiving signal 15
[2026-07-16T07:34:41.413+0000] {manager.py:483} INFO - Processing files using up to 2 processes at a time 
[2026-07-16T07:34:41.415+0000] {manager.py:484} INFO - Process each file at most once every 30 seconds
[2026-07-16T07:34:41.415+0000] {manager.py:485} INFO - Checking for new files in /opt/airflow/dags every 300 seconds
[2026-07-16T07:34:41.416+0000] {manager.py:821} INFO - Searching for files in /opt/airflow/dags
[2026-07-16T07:34:41.420+0000] {manager.py:824} INFO - There are 0 files in /opt/airflow/dags
[2026-07-16T07:39:41.805+0000] {manager.py:821} INFO - Searching for files in /opt/airflow/dags
[2026-07-16T07:39:41.810+0000] {manager.py:824} INFO - There are 0 files in /opt/airflow/dags
[2026-07-16T07:43:40.720+0000] {manager.py:465} INFO - Exiting gracefully upon receiving signal 15
[2026-07-16T07:44:49.921+0000] {manager.py:483} INFO - Processing files using up to 2 processes at a time 
[2026-07-16T07:44:49.922+0000] {manager.py:484} INFO - Process each file at most once every 30 seconds
[2026-07-16T07:44:49.923+0000] {manager.py:485} INFO - Checking for new files in /opt/airflow/dags every 300 seconds
[2026-07-16T07:44:49.924+0000] {manager.py:821} INFO - Searching for files in /opt/airflow/dags
[2026-07-16T07:44:49.928+0000] {manager.py:824} INFO - There are 0 files in /opt/airflow/dags
[2026-07-16T07:47:22.613+0000] {manager.py:465} INFO - Exiting gracefully upon receiving signal 15
[2026-07-16T07:48:27.965+0000] {manager.py:483} INFO - Processing files using up to 2 processes at a time 
[2026-07-16T07:48:27.966+0000] {manager.py:484} INFO - Process each file at most once every 30 seconds
[2026-07-16T07:48:27.967+0000] {manager.py:485} INFO - Checking for new files in /opt/airflow/dags every 300 seconds
[2026-07-16T07:48:27.968+0000] {manager.py:821} INFO - Searching for files in /opt/airflow/dags
[2026-07-16T07:48:27.971+0000] {manager.py:824} INFO - There are 0 files in /opt/airflow/dags
[2026-07-16T07:53:28.328+0000] {manager.py:821} INFO - Searching for files in /opt/airflow/dags
[2026-07-16T07:53:28.330+0000] {manager.py:824} INFO - There are 0 files in /opt/airflow/dags
[2026-07-16T07:58:28.692+0000] {manager.py:821} INFO - Searching for files in /opt/airflow/dags
[2026-07-16T07:58:28.695+0000] {manager.py:824} INFO - There are 0 files in /opt/airflow/dags
[2026-07-16T08:01:54.864+0000] {manager.py:465} INFO - Exiting gracefully upon receiving signal 15
[2026-07-16T08:02:53.560+0000] {manager.py:483} INFO - Processing files using up to 2 processes at a time 
[2026-07-16T08:02:53.561+0000] {manager.py:484} INFO - Process each file at most once every 30 seconds
[2026-07-16T08:02:53.564+0000] {manager.py:485} INFO - Checking for new files in /opt/airflow/dags every 300 seconds
[2026-07-16T08:02:53.566+0000] {manager.py:821} INFO - Searching for files in /opt/airflow/dags
[2026-07-16T08:02:53.570+0000] {manager.py:824} INFO - There are 0 files in /opt/airflow/dags
[2026-07-16T08:07:53.936+0000] {manager.py:821} INFO - Searching for files in /opt/airflow/dags
[2026-07-16T08:07:53.939+0000] {manager.py:824} INFO - There are 0 files in /opt/airflow/dags
[2026-07-16T18:22:56.962+0000] {manager.py:483} INFO - Processing files using up to 2 processes at a time 
[2026-07-16T18:22:56.964+0000] {manager.py:484} INFO - Process each file at most once every 30 seconds
[2026-07-16T18:22:56.965+0000] {manager.py:485} INFO - Checking for new files in /opt/airflow/dags every 300 seconds
[2026-07-16T18:22:56.966+0000] {manager.py:821} INFO - Searching for files in /opt/airflow/dags
[2026-07-16T18:22:56.971+0000] {manager.py:824} INFO - There are 0 files in /opt/airflow/dags
[2026-07-16T18:25:12.110+0000] {manager.py:465} INFO - Exiting gracefully upon receiving signal 15
[2026-07-16T18:31:56.369+0000] {manager.py:483} INFO - Processing files using up to 2 processes at a time 
[2026-07-16T18:31:56.370+0000] {manager.py:484} INFO - Process each file at most once every 30 seconds
[2026-07-16T18:31:56.371+0000] {manager.py:485} INFO - Checking for new files in /opt/airflow/dags every 300 seconds
[2026-07-16T18:31:56.372+0000] {manager.py:821} INFO - Searching for files in /opt/airflow/dags
[2026-07-16T18:31:56.375+0000] {manager.py:824} INFO - There are 0 files in /opt/airflow/dags
[2026-07-16T18:36:56.767+0000] {manager.py:821} INFO - Searching for files in /opt/airflow/dags
[2026-07-16T18:36:56.771+0000] {manager.py:824} INFO - There are 0 files in /opt/airflow/dags
[2026-07-16T18:41:57.107+0000] {manager.py:821} INFO - Searching for files in /opt/airflow/dags
[2026-07-16T18:41:57.110+0000] {manager.py:824} INFO - There are 0 files in /opt/airflow/dags
[2026-07-16T18:46:57.420+0000] {manager.py:821} INFO - Searching for files in /opt/airflow/dags
[2026-07-16T18:46:57.422+0000] {manager.py:824} INFO - There are 0 files in /opt/airflow/dags
[2026-07-16T18:49:32.847+0000] {manager.py:465} INFO - Exiting gracefully upon receiving signal 15
[2026-07-16T18:50:33.209+0000] {manager.py:483} INFO - Processing files using up to 2 processes at a time 
[2026-07-16T18:50:33.210+0000] {manager.py:484} INFO - Process each file at most once every 30 seconds
[2026-07-16T18:50:33.211+0000] {manager.py:485} INFO - Checking for new files in /opt/airflow/dags every 300 seconds
[2026-07-16T18:50:33.212+0000] {manager.py:821} INFO - Searching for files in /opt/airflow/dags
[2026-07-16T18:50:33.214+0000] {manager.py:824} INFO - There are 0 files in /opt/airflow/dags
[2026-07-16T18:55:33.618+0000] {manager.py:821} INFO - Searching for files in /opt/airflow/dags
[2026-07-16T18:55:33.621+0000] {manager.py:824} INFO - There are 0 files in /opt/airflow/dags
[2026-07-16T18:55:52.747+0000] {manager.py:465} INFO - Exiting gracefully upon receiving signal 15
[2026-07-16T18:56:47.195+0000] {manager.py:483} INFO - Processing files using up to 2 processes at a time 
[2026-07-16T18:56:47.196+0000] {manager.py:484} INFO - Process each file at most once every 30 seconds
[2026-07-16T18:56:47.197+0000] {manager.py:485} INFO - Checking for new files in /opt/airflow/dags every 300 seconds
[2026-07-16T18:56:47.198+0000] {manager.py:821} INFO - Searching for files in /opt/airflow/dags
[2026-07-16T18:56:47.201+0000] {manager.py:824} INFO - There are 0 files in /opt/airflow/dags
[2026-07-16T18:58:49.260+0000] {manager.py:465} INFO - Exiting gracefully upon receiving signal 15
[2026-07-16T18:59:39.919+0000] {manager.py:483} INFO - Processing files using up to 2 processes at a time 
[2026-07-16T18:59:39.921+0000] {manager.py:484} INFO - Process each file at most once every 30 seconds
[2026-07-16T18:59:39.921+0000] {manager.py:485} INFO - Checking for new files in /opt/airflow/dags every 300 seconds
[2026-07-16T18:59:39.922+0000] {manager.py:821} INFO - Searching for files in /opt/airflow/dags
[2026-07-16T18:59:39.926+0000] {manager.py:824} INFO - There are 0 files in /opt/airflow/dags
[2026-07-16T18:59:55.055+0000] {manager.py:465} INFO - Exiting gracefully upon receiving signal 15
[2026-07-16T19:00:47.412+0000] {manager.py:483} INFO - Processing files using up to 2 processes at a time 
[2026-07-16T19:00:47.413+0000] {manager.py:484} INFO - Process each file at most once every 30 seconds
[2026-07-16T19:00:47.414+0000] {manager.py:485} INFO - Checking for new files in /opt/airflow/dags every 300 seconds
[2026-07-16T19:00:47.415+0000] {manager.py:821} INFO - Searching for files in /opt/airflow/dags
[2026-07-16T19:00:47.418+0000] {manager.py:824} INFO - There are 0 files in /opt/airflow/dags
[2026-07-16T19:05:47.796+0000] {manager.py:821} INFO - Searching for files in /opt/airflow/dags
[2026-07-16T19:05:47.799+0000] {manager.py:824} INFO - There are 0 files in /opt/airflow/dags
[2026-07-16T19:09:30.821+0000] {manager.py:465} INFO - Exiting gracefully upon receiving signal 15
[2026-07-16T19:10:25.822+0000] {manager.py:483} INFO - Processing files using up to 2 processes at a time 
[2026-07-16T19:10:25.823+0000] {manager.py:484} INFO - Process each file at most once every 30 seconds
[2026-07-16T19:10:25.824+0000] {manager.py:485} INFO - Checking for new files in /opt/airflow/dags every 300 seconds
[2026-07-16T19:10:25.825+0000] {manager.py:821} INFO - Searching for files in /opt/airflow/dags
[2026-07-16T19:10:25.829+0000] {manager.py:824} INFO - There are 0 files in /opt/airflow/dags
[2026-07-16T19:15:26.237+0000] {manager.py:821} INFO - Searching for files in /opt/airflow/dags
[2026-07-16T19:15:26.241+0000] {manager.py:824} INFO - There are 0 files in /opt/airflow/dags
[2026-07-16T19:20:26.581+0000] {manager.py:821} INFO - Searching for files in /opt/airflow/dags
[2026-07-16T19:20:26.591+0000] {manager.py:824} INFO - There are 0 files in /opt/airflow/dags
[2026-07-16T19:25:26.949+0000] {manager.py:821} INFO - Searching for files in /opt/airflow/dags
[2026-07-16T19:25:26.952+0000] {manager.py:824} INFO - There are 0 files in /opt/airflow/dags
[2026-07-16T19:30:27.308+0000] {manager.py:821} INFO - Searching for files in /opt/airflow/dags
[2026-07-16T19:30:27.317+0000] {manager.py:824} INFO - There are 0 files in /opt/airflow/dags
[2026-07-16T19:32:44.334+0000] {manager.py:465} INFO - Exiting gracefully upon receiving signal 15
[2026-07-16T19:35:27.380+0000] {manager.py:483} INFO - Processing files using up to 2 processes at a time 
[2026-07-16T19:35:27.381+0000] {manager.py:484} INFO - Process each file at most once every 30 seconds
[2026-07-16T19:35:27.382+0000] {manager.py:485} INFO - Checking for new files in /opt/airflow/dags every 300 seconds
[2026-07-16T19:35:27.383+0000] {manager.py:821} INFO - Searching for files in /opt/airflow/dags
[2026-07-16T19:35:27.387+0000] {manager.py:824} INFO - There are 0 files in /opt/airflow/dags
[2026-07-16T19:40:27.765+0000] {manager.py:821} INFO - Searching for files in /opt/airflow/dags
[2026-07-16T19:40:27.773+0000] {manager.py:824} INFO - There are 0 files in /opt/airflow/dags
[2026-07-16T19:45:13.594+0000] {manager.py:465} INFO - Exiting gracefully upon receiving signal 15
[2026-07-16T19:46:04.798+0000] {manager.py:483} INFO - Processing files using up to 2 processes at a time 
[2026-07-16T19:46:04.799+0000] {manager.py:484} INFO - Process each file at most once every 30 seconds
[2026-07-16T19:46:04.800+0000] {manager.py:485} INFO - Checking for new files in /opt/airflow/dags every 300 seconds
[2026-07-16T19:46:04.801+0000] {manager.py:821} INFO - Searching for files in /opt/airflow/dags
[2026-07-16T19:46:04.805+0000] {manager.py:824} INFO - There are 0 files in /opt/airflow/dags
[2026-07-16T19:51:05.199+0000] {manager.py:821} INFO - Searching for files in /opt/airflow/dags
[2026-07-16T19:51:05.203+0000] {manager.py:824} INFO - There are 0 files in /opt/airflow/dags
[2026-07-16T19:56:05.556+0000] {manager.py:821} INFO - Searching for files in /opt/airflow/dags
[2026-07-16T19:56:05.559+0000] {manager.py:824} INFO - There are 0 files in /opt/airflow/dags
[2026-07-16T20:01:05.891+0000] {manager.py:821} INFO - Searching for files in /opt/airflow/dags
[2026-07-16T20:01:05.897+0000] {manager.py:824} INFO - There are 0 files in /opt/airflow/dags
[2026-07-16T20:02:14.824+0000] {manager.py:465} INFO - Exiting gracefully upon receiving signal 15
[2026-07-16T20:03:11.934+0000] {manager.py:483} INFO - Processing files using up to 2 processes at a time 
[2026-07-16T20:03:11.935+0000] {manager.py:484} INFO - Process each file at most once every 30 seconds
[2026-07-16T20:03:11.936+0000] {manager.py:485} INFO - Checking for new files in /opt/airflow/dags every 300 seconds
[2026-07-16T20:03:11.937+0000] {manager.py:821} INFO - Searching for files in /opt/airflow/dags
[2026-07-16T20:03:11.940+0000] {manager.py:824} INFO - There are 0 files in /opt/airflow/dags
[2026-07-16T20:08:12.307+0000] {manager.py:821} INFO - Searching for files in /opt/airflow/dags
[2026-07-16T20:08:12.309+0000] {manager.py:824} INFO - There are 0 files in /opt/airflow/dags
[2026-07-16T20:10:51.411+0000] {manager.py:465} INFO - Exiting gracefully upon receiving signal 15
[2026-07-16T20:11:42.743+0000] {manager.py:483} INFO - Processing files using up to 2 processes at a time 
[2026-07-16T20:11:42.744+0000] {manager.py:484} INFO - Process each file at most once every 30 seconds
[2026-07-16T20:11:42.749+0000] {manager.py:485} INFO - Checking for new files in /opt/airflow/dags every 300 seconds
[2026-07-16T20:11:42.750+0000] {manager.py:821} INFO - Searching for files in /opt/airflow/dags
[2026-07-16T20:11:42.754+0000] {manager.py:824} INFO - There are 0 files in /opt/airflow/dags
[2026-07-16T20:14:02.880+0000] {manager.py:465} INFO - Exiting gracefully upon receiving signal 15
[2026-07-16T20:18:05.401+0000] {manager.py:483} INFO - Processing files using up to 2 processes at a time 
[2026-07-16T20:18:05.402+0000] {manager.py:484} INFO - Process each file at most once every 30 seconds
[2026-07-16T20:18:05.404+0000] {manager.py:485} INFO - Checking for new files in /opt/airflow/dags every 300 seconds
[2026-07-16T20:18:05.405+0000] {manager.py:821} INFO - Searching for files in /opt/airflow/dags
[2026-07-16T20:18:05.410+0000] {manager.py:824} INFO - There are 0 files in /opt/airflow/dags
[2026-07-16T20:22:04.903+0000] {manager.py:465} INFO - Exiting gracefully upon receiving signal 15
[2026-07-16T20:23:29.419+0000] {manager.py:483} INFO - Processing files using up to 2 processes at a time 
[2026-07-16T20:23:29.421+0000] {manager.py:484} INFO - Process each file at most once every 30 seconds
[2026-07-16T20:23:29.422+0000] {manager.py:485} INFO - Checking for new files in /opt/airflow/dags every 300 seconds
[2026-07-16T20:23:29.423+0000] {manager.py:821} INFO - Searching for files in /opt/airflow/dags
[2026-07-16T20:23:29.426+0000] {manager.py:824} INFO - There are 0 files in /opt/airflow/dags
[2026-07-17T05:21:28.443+0000] {manager.py:483} INFO - Processing files using up to 2 processes at a time 
[2026-07-17T05:21:28.445+0000] {manager.py:484} INFO - Process each file at most once every 30 seconds
[2026-07-17T05:21:28.447+0000] {manager.py:485} INFO - Checking for new files in /opt/airflow/dags every 300 seconds
[2026-07-17T05:21:28.449+0000] {manager.py:821} INFO - Searching for files in /opt/airflow/dags
[2026-07-17T05:21:28.457+0000] {manager.py:824} INFO - There are 0 files in /opt/airflow/dags
[2026-07-17T05:23:09.394+0000] {manager.py:465} INFO - Exiting gracefully upon receiving signal 15
[2026-07-17T05:37:18.292+0000] {manager.py:483} INFO - Processing files using up to 2 processes at a time 
[2026-07-17T05:37:18.293+0000] {manager.py:484} INFO - Process each file at most once every 30 seconds
[2026-07-17T05:37:18.295+0000] {manager.py:485} INFO - Checking for new files in /opt/airflow/dags every 300 seconds
[2026-07-17T05:37:18.295+0000] {manager.py:821} INFO - Searching for files in /opt/airflow/dags
[2026-07-17T05:37:18.299+0000] {manager.py:824} INFO - There are 0 files in /opt/airflow/dags
[2026-07-17T05:42:18.684+0000] {manager.py:821} INFO - Searching for files in /opt/airflow/dags
[2026-07-17T05:42:18.706+0000] {manager.py:824} INFO - There are 0 files in /opt/airflow/dags
[2026-07-17T05:47:19.057+0000] {manager.py:821} INFO - Searching for files in /opt/airflow/dags
[2026-07-17T05:47:19.061+0000] {manager.py:824} INFO - There are 0 files in /opt/airflow/dags
[2026-07-17T05:47:53.109+0000] {manager.py:465} INFO - Exiting gracefully upon receiving signal 15
[2026-07-17T18:54:24.035+0000] {manager.py:483} INFO - Processing files using up to 2 processes at a time 
[2026-07-17T18:54:24.037+0000] {manager.py:484} INFO - Process each file at most once every 30 seconds
[2026-07-17T18:54:24.039+0000] {manager.py:485} INFO - Checking for new files in /opt/airflow/dags every 300 seconds
[2026-07-17T18:54:24.040+0000] {manager.py:821} INFO - Searching for files in /opt/airflow/dags
[2026-07-17T18:54:24.044+0000] {manager.py:824} INFO - There are 0 files in /opt/airflow/dags
[2026-07-17T18:55:15.066+0000] {manager.py:465} INFO - Exiting gracefully upon receiving signal 15
[2026-07-17T19:00:02.754+0000] {manager.py:483} INFO - Processing files using up to 2 processes at a time 
[2026-07-17T19:00:02.756+0000] {manager.py:484} INFO - Process each file at most once every 30 seconds
[2026-07-17T19:00:02.757+0000] {manager.py:485} INFO - Checking for new files in /opt/airflow/dags every 300 seconds
[2026-07-17T19:00:02.758+0000] {manager.py:821} INFO - Searching for files in /opt/airflow/dags
[2026-07-17T19:00:02.763+0000] {manager.py:824} INFO - There are 0 files in /opt/airflow/dags
[2026-07-17T19:05:03.151+0000] {manager.py:821} INFO - Searching for files in /opt/airflow/dags
[2026-07-17T19:05:03.160+0000] {manager.py:824} INFO - There are 0 files in /opt/airflow/dags
[2026-07-17T19:10:03.527+0000] {manager.py:821} INFO - Searching for files in /opt/airflow/dags
[2026-07-17T19:10:03.536+0000] {manager.py:824} INFO - There are 0 files in /opt/airflow/dags
[2026-07-17T19:15:03.959+0000] {manager.py:821} INFO - Searching for files in /opt/airflow/dags
[2026-07-17T19:15:03.962+0000] {manager.py:824} INFO - There are 0 files in /opt/airflow/dags
[2026-07-17T19:20:04.351+0000] {manager.py:821} INFO - Searching for files in /opt/airflow/dags
[2026-07-17T19:20:04.359+0000] {manager.py:824} INFO - There are 0 files in /opt/airflow/dags
[2026-07-17T19:25:04.728+0000] {manager.py:821} INFO - Searching for files in /opt/airflow/dags
[2026-07-17T19:25:04.732+0000] {manager.py:824} INFO - There are 0 files in /opt/airflow/dags
[2026-07-17T19:30:05.128+0000] {manager.py:821} INFO - Searching for files in /opt/airflow/dags
[2026-07-17T19:30:05.132+0000] {manager.py:824} INFO - There are 0 files in /opt/airflow/dags
[2026-07-17T19:35:05.479+0000] {manager.py:821} INFO - Searching for files in /opt/airflow/dags
[2026-07-17T19:35:05.483+0000] {manager.py:824} INFO - There are 0 files in /opt/airflow/dags
[2026-07-17T19:40:05.835+0000] {manager.py:821} INFO - Searching for files in /opt/airflow/dags
[2026-07-17T19:40:05.848+0000] {manager.py:824} INFO - There are 0 files in /opt/airflow/dags
[2026-07-17T19:45:06.227+0000] {manager.py:821} INFO - Searching for files in /opt/airflow/dags
[2026-07-17T19:45:06.238+0000] {manager.py:824} INFO - There are 0 files in /opt/airflow/dags
[2026-07-17T19:50:06.595+0000] {manager.py:821} INFO - Searching for files in /opt/airflow/dags
[2026-07-17T19:50:06.598+0000] {manager.py:824} INFO - There are 0 files in /opt/airflow/dags
[2026-07-17T19:55:06.943+0000] {manager.py:821} INFO - Searching for files in /opt/airflow/dags
[2026-07-17T19:55:06.946+0000] {manager.py:824} INFO - There are 0 files in /opt/airflow/dags
[2026-07-17T20:00:07.289+0000] {manager.py:821} INFO - Searching for files in /opt/airflow/dags
[2026-07-17T20:00:07.292+0000] {manager.py:824} INFO - There are 0 files in /opt/airflow/dags
[2026-07-17T20:05:07.636+0000] {manager.py:821} INFO - Searching for files in /opt/airflow/dags
[2026-07-17T20:05:07.638+0000] {manager.py:824} INFO - There are 0 files in /opt/airflow/dags
[2026-07-17T20:10:07.968+0000] {manager.py:821} INFO - Searching for files in /opt/airflow/dags
[2026-07-17T20:10:07.971+0000] {manager.py:824} INFO - There are 0 files in /opt/airflow/dags
[2026-07-17T20:15:08.308+0000] {manager.py:821} INFO - Searching for files in /opt/airflow/dags
[2026-07-17T20:15:08.312+0000] {manager.py:824} INFO - There are 0 files in /opt/airflow/dags
[2026-07-17T20:20:08.635+0000] {manager.py:821} INFO - Searching for files in /opt/airflow/dags
[2026-07-17T20:20:08.640+0000] {manager.py:824} INFO - There are 0 files in /opt/airflow/dags
[2026-07-17T20:25:08.961+0000] {manager.py:821} INFO - Searching for files in /opt/airflow/dags
[2026-07-17T20:25:08.967+0000] {manager.py:824} INFO - There are 0 files in /opt/airflow/dags
[2026-07-17T20:30:09.338+0000] {manager.py:821} INFO - Searching for files in /opt/airflow/dags
[2026-07-17T20:30:09.341+0000] {manager.py:824} INFO - There are 0 files in /opt/airflow/dags
[2026-07-17T20:35:09.684+0000] {manager.py:821} INFO - Searching for files in /opt/airflow/dags
[2026-07-17T20:35:09.687+0000] {manager.py:824} INFO - There are 0 files in /opt/airflow/dags
[2026-07-17T20:40:09.998+0000] {manager.py:821} INFO - Searching for files in /opt/airflow/dags
[2026-07-17T20:40:10.007+0000] {manager.py:824} INFO - There are 0 files in /opt/airflow/dags
[2026-07-17T20:45:10.332+0000] {manager.py:821} INFO - Searching for files in /opt/airflow/dags
[2026-07-17T20:45:10.335+0000] {manager.py:824} INFO - There are 0 files in /opt/airflow/dags
[2026-07-17T20:50:10.640+0000] {manager.py:821} INFO - Searching for files in /opt/airflow/dags
[2026-07-17T20:50:10.643+0000] {manager.py:824} INFO - There are 0 files in /opt/airflow/dags
[2026-07-17T20:55:10.993+0000] {manager.py:821} INFO - Searching for files in /opt/airflow/dags
[2026-07-17T20:55:10.996+0000] {manager.py:824} INFO - There are 0 files in /opt/airflow/dags
[2026-07-17T21:00:11.342+0000] {manager.py:821} INFO - Searching for files in /opt/airflow/dags
[2026-07-17T21:00:11.347+0000] {manager.py:824} INFO - There are 0 files in /opt/airflow/dags
[2026-07-17T21:05:11.691+0000] {manager.py:821} INFO - Searching for files in /opt/airflow/dags
[2026-07-17T21:05:11.695+0000] {manager.py:824} INFO - There are 0 files in /opt/airflow/dags
[2026-07-17T21:10:12.057+0000] {manager.py:821} INFO - Searching for files in /opt/airflow/dags
[2026-07-17T21:10:12.061+0000] {manager.py:824} INFO - There are 0 files in /opt/airflow/dags
[2026-07-17T21:15:12.387+0000] {manager.py:821} INFO - Searching for files in /opt/airflow/dags
[2026-07-17T21:15:12.392+0000] {manager.py:824} INFO - There are 0 files in /opt/airflow/dags
[2026-07-17T21:20:12.770+0000] {manager.py:821} INFO - Searching for files in /opt/airflow/dags
[2026-07-17T21:20:12.773+0000] {manager.py:824} INFO - There are 0 files in /opt/airflow/dags
[2026-07-17T21:25:13.109+0000] {manager.py:821} INFO - Searching for files in /opt/airflow/dags
[2026-07-17T21:25:13.111+0000] {manager.py:824} INFO - There are 0 files in /opt/airflow/dags
[2026-07-17T21:30:13.423+0000] {manager.py:821} INFO - Searching for files in /opt/airflow/dags
[2026-07-17T21:30:13.426+0000] {manager.py:824} INFO - There are 0 files in /opt/airflow/dags
[2026-07-17T21:35:13.764+0000] {manager.py:821} INFO - Searching for files in /opt/airflow/dags
[2026-07-17T21:35:13.776+0000] {manager.py:824} INFO - There are 0 files in /opt/airflow/dags
[2026-07-17T21:40:14.147+0000] {manager.py:821} INFO - Searching for files in /opt/airflow/dags
[2026-07-17T21:40:14.149+0000] {manager.py:824} INFO - There are 0 files in /opt/airflow/dags
[2026-07-17T21:45:14.468+0000] {manager.py:821} INFO - Searching for files in /opt/airflow/dags
[2026-07-17T21:45:14.472+0000] {manager.py:824} INFO - There are 0 files in /opt/airflow/dags
[2026-07-17T21:47:51.428+0000] {manager.py:465} INFO - Exiting gracefully upon receiving signal 15
[2026-07-18T22:48:08.949+0000] {manager.py:483} INFO - Processing files using up to 2 processes at a time 
[2026-07-18T22:48:08.951+0000] {manager.py:484} INFO - Process each file at most once every 30 seconds
[2026-07-18T22:48:08.952+0000] {manager.py:485} INFO - Checking for new files in /opt/airflow/dags every 300 seconds
[2026-07-18T22:48:08.953+0000] {manager.py:821} INFO - Searching for files in /opt/airflow/dags
[2026-07-18T22:48:08.957+0000] {manager.py:824} INFO - There are 0 files in /opt/airflow/dags
[2026-07-18T22:49:44.835+0000] {manager.py:465} INFO - Exiting gracefully upon receiving signal 15
[2026-07-18T22:50:52.540+0000] {manager.py:483} INFO - Processing files using up to 2 processes at a time 
[2026-07-18T22:50:52.542+0000] {manager.py:484} INFO - Process each file at most once every 30 seconds
[2026-07-18T22:50:52.544+0000] {manager.py:485} INFO - Checking for new files in /opt/airflow/dags every 300 seconds
[2026-07-18T22:50:52.546+0000] {manager.py:821} INFO - Searching for files in /opt/airflow/dags
[2026-07-18T22:50:52.554+0000] {manager.py:824} INFO - There are 0 files in /opt/airflow/dags
[2026-07-18T22:54:00.355+0000] {manager.py:465} INFO - Exiting gracefully upon receiving signal 15
